Loading CIFAR-10 ...
Loading from cache ...
train: (50000, 3, 32, 32)  test: (10000, 3, 32, 32)

==================================================
Training: VGGWithBN_cifar10_mixup
  train=50000, batch=256, epochs=30, lr=0.001
  mix_fn=mixup, alpha=0.4
==================================================
epoch   1/30: loss=1.8586  train=0.5229  test=0.4792  (633s)
epoch   2/30: loss=1.4199  train=0.6542  test=0.6229  (574s)
epoch   3/30: loss=1.2135  train=0.7167  test=0.6583  (575s)
epoch   4/30: loss=1.1269  train=0.7458  test=0.7312  (572s)
epoch   5/30: loss=1.0254  train=0.7562  test=0.7354  (574s)
epoch   6/30: loss=0.9652  train=0.7979  test=0.8250  (573s)
epoch   7/30: loss=0.9192  train=0.8208  test=0.8125  (566s)
epoch   8/30: loss=0.8522  train=0.7875  test=0.7979  (564s)
epoch   9/30: loss=0.8383  train=0.8292  test=0.8333  (565s)
epoch  10/30: loss=0.7976  train=0.8688  test=0.8333  (583s)
epoch  11/30: loss=0.7957  train=0.8542  test=0.8646  (575s)
epoch  12/30: loss=0.8056  train=0.8729  test=0.8625  (576s)
epoch  13/30: loss=0.7974  train=0.9021  test=0.8479  (574s)
epoch  14/30: loss=0.7364  train=0.8583  test=0.8854  (573s)
epoch  15/30: loss=0.7180  train=0.8979  test=0.8854  (575s)
epoch  16/30: loss=0.6931  train=0.8979  test=0.8583  (568s)
epoch  17/30: loss=0.6624  train=0.9042  test=0.8667  (562s)
epoch  18/30: loss=0.6534  train=0.9354  test=0.8479  (565s)
epoch  19/30: loss=0.6550  train=0.9062  test=0.8604  (575s)
epoch  20/30: loss=0.6141  train=0.9583  test=0.8479  (639s)
  LR decayed to 1.00e-04
epoch  21/30: loss=0.5816  train=0.9542  test=0.9000  (583s)
epoch  22/30: loss=0.5643  train=0.9583  test=0.9062  (589s)
epoch  23/30: loss=0.5805  train=0.9375  test=0.8938  (591s)
epoch  24/30: loss=0.5890  train=0.9563  test=0.9187  (585s)
