Loading CIFAR-10 ...
Loading from cache ...
train: (50000, 3, 32, 32)  test: (10000, 3, 32, 32)
Teacher checkpoint not found. Training teacher briefly (10 epochs) ...
  teacher epoch 1: test=0.5897
  teacher epoch 2: test=0.6784
  teacher epoch 3: test=0.7228
  teacher epoch 4: test=0.7036
  teacher epoch 5: test=0.7984
  teacher epoch 6: test=0.8216
  teacher epoch 7: test=0.8236
  teacher epoch 8: test=0.8518
  teacher epoch 9: test=0.8357
  teacher epoch 10: test=0.8438

Generating soft labels from teacher (T=4.0)...
soft_train shape: (50000, 10)

==================================================
Training StudentNet with KD  alpha=0.7  T=4.0
  train=50000, batch=256, epochs=30
==================================================
epoch   1/30: loss=1.9609  train=0.5339  test=0.5495  (81s)
epoch   2/30: loss=1.6836  train=0.6536  test=0.6432  (82s)
epoch   3/30: loss=1.5807  train=0.6667  test=0.6667  (82s)
epoch   4/30: loss=1.5138  train=0.7135  test=0.6589  (82s)
epoch   5/30: loss=1.4720  train=0.6953  test=0.7266  (83s)
epoch   6/30: loss=1.4400  train=0.7370  test=0.7500  (82s)
epoch   7/30: loss=1.4132  train=0.7526  test=0.7448  (83s)
epoch   8/30: loss=1.3973  train=0.7995  test=0.7083  (83s)
epoch   9/30: loss=1.3801  train=0.7969  test=0.7552  (83s)
epoch  10/30: loss=1.3646  train=0.8151  test=0.7839  (83s)
epoch  11/30: loss=1.3536  train=0.8021  test=0.7995  (83s)
epoch  12/30: loss=1.3423  train=0.8151  test=0.8125  (83s)
epoch  13/30: loss=1.3344  train=0.8073  test=0.7786  (83s)
epoch  14/30: loss=1.3264  train=0.8073  test=0.7760  (83s)
epoch  15/30: loss=1.3189  train=0.8620  test=0.7865  (83s)
epoch  16/30: loss=1.3123  train=0.8854  test=0.7656  (83s)
epoch  17/30: loss=1.3055  train=0.7943  test=0.7760  (85s)
epoch  18/30: loss=1.3027  train=0.8281  test=0.7786  (87s)
epoch  19/30: loss=1.2938  train=0.8385  test=0.7708  (87s)
epoch  20/30: loss=1.2906  train=0.8620  test=0.8333  (87s)
  LR decayed to 1.00e-04
epoch  21/30: loss=1.2697  train=0.8802  test=0.8203  (87s)
epoch  22/30: loss=1.2650  train=0.8854  test=0.8490  (87s)
epoch  23/30: loss=1.2626  train=0.8672  test=0.8255  (87s)
epoch  24/30: loss=1.2604  train=0.8750  test=0.8047  (87s)
epoch  25/30: loss=1.2601  train=0.8854  test=0.8099  (87s)
  LR decayed to 1.00e-05
epoch  26/30: loss=1.2562  train=0.8724  test=0.8151  (87s)
epoch  27/30: loss=1.2570  train=0.8672  test=0.8255  (87s)
epoch  28/30: loss=1.2573  train=0.8568  test=0.8359  (87s)
epoch  29/30: loss=1.2560  train=0.8750  test=0.8177  (87s)
epoch  30/30: loss=1.2560  train=0.8646  test=0.8359  (87s)

==================================================
Training StudentNet from scratch (no KD)
==================================================
epoch   1/30: loss=1.7039  train=0.5495  test=0.5547  (85s)
epoch   2/30: loss=1.2841  train=0.6615  test=0.6510  (85s)
epoch   3/30: loss=1.1076  train=0.6510  test=0.6979  (86s)
epoch   4/30: loss=1.0007  train=0.7005  test=0.6667  (86s)
epoch   5/30: loss=0.9292  train=0.7734  test=0.6953  (86s)
epoch   6/30: loss=0.8613  train=0.7656  test=0.7240  (86s)
epoch   7/30: loss=0.8131  train=0.7865  test=0.6953  (86s)
epoch   8/30: loss=0.7731  train=0.7396  test=0.7682  (86s)
epoch   9/30: loss=0.7482  train=0.8099  test=0.7734  (87s)
epoch  10/30: loss=0.7118  train=0.7682  test=0.7396  (86s)
epoch  11/30: loss=0.6939  train=0.8125  test=0.7578  (86s)
epoch  12/30: loss=0.6706  train=0.8099  test=0.7448  (86s)
epoch  13/30: loss=0.6503  train=0.8229  test=0.8021  (86s)
epoch  14/30: loss=0.6285  train=0.8490  test=0.7578  (86s)
epoch  15/30: loss=0.6035  train=0.8854  test=0.7839  (86s)
epoch  16/30: loss=0.5951  train=0.8359  test=0.8125  (86s)
epoch  17/30: loss=0.5815  train=0.8672  test=0.7839  (86s)
epoch  18/30: loss=0.5573  train=0.8594  test=0.8125  (86s)
epoch  19/30: loss=0.5506  train=0.8516  test=0.7630  (86s)
epoch  20/30: loss=0.5350  train=0.8750  test=0.7708  (86s)
  LR decayed to 1.00e-04
epoch  21/30: loss=0.4788  train=0.8802  test=0.8021  (86s)
epoch  22/30: loss=0.4600  train=0.8854  test=0.7917  (86s)
epoch  23/30: loss=0.4549  train=0.8854  test=0.8021  (86s)
epoch  24/30: loss=0.4455  train=0.8672  test=0.8229  (87s)
epoch  25/30: loss=0.4435  train=0.8724  test=0.7995  (122s)
  LR decayed to 1.00e-05
epoch  26/30: loss=0.4383  train=0.8802  test=0.8333  (118s)
epoch  27/30: loss=0.4279  train=0.8802  test=0.8177  (101s)
epoch  28/30: loss=0.4324  train=0.8568  test=0.8255  (89s)
epoch  29/30: loss=0.4315  train=0.8906  test=0.8333  (92s)
